V3 17
FL /home/student1/r2sagu/COE758/VGAController/ipcore_dir/icon.vhd 2024/11/12.15:32:45 O.87xd
FL /home/student1/r2sagu/COE758/VGAController/ipcore_dir/ila.vhd 2024/11/12.16:25:23 O.87xd
FL /home/student1/r2sagu/COE758/VGAController/VGAController.vhd 2024/11/14.10:25:07 O.87xd
FL /home/student2/nrecto/TMU/4thYear/COE758/Project2/VGAController/ipcore_dir/icon.vhd 2024/11/17.02:00:26 O.87xd
EN work/icon 1763430635 \
      FL /home/student2/nrecto/TMU/4thYear/COE758/Project2/VGAController/ipcore_dir/icon.vhd \
      PB ieee/std_logic_1164 1325952872
AR work/icon/icon_a 1763430636 \
      FL /home/student2/nrecto/TMU/4thYear/COE758/Project2/VGAController/ipcore_dir/icon.vhd \
      EN work/icon 1763430635
FL /home/student2/nrecto/TMU/4thYear/COE758/Project2/VGAController/ipcore_dir/ila.vhd 2024/11/17.02:00:26 O.87xd
EN work/ila 1763430637 \
      FL /home/student2/nrecto/TMU/4thYear/COE758/Project2/VGAController/ipcore_dir/ila.vhd \
      PB ieee/std_logic_1164 1325952872
AR work/ila/ila_a 1763430638 \
      FL /home/student2/nrecto/TMU/4thYear/COE758/Project2/VGAController/ipcore_dir/ila.vhd \
      EN work/ila 1763430637
FL /home/student2/nrecto/TMU/4thYear/COE758/Project2/VGAController/VGAController.vhd 2025/11/17.18:25:02 O.87xd
EN work/VGAController 1763430639 \
      FL /home/student2/nrecto/TMU/4thYear/COE758/Project2/VGAController/VGAController.vhd \
      PB ieee/std_logic_1164 1325952872 PB ieee/NUMERIC_STD 1325952877
AR work/VGAController/Behavioral 1763430640 \
      FL /home/student2/nrecto/TMU/4thYear/COE758/Project2/VGAController/VGAController.vhd \
      EN work/VGAController 1763430639 CP icon CP ila
FL /home/student2/nrecto/TMU/4thYear/COE758/VGAController-main/src/VGAController/ipcore_dir/icon.vhd 2024/11/17.02:00:26 O.87xd
FL /home/student2/nrecto/TMU/4thYear/COE758/VGAController-main/src/VGAController/ipcore_dir/ila.vhd 2024/11/17.02:00:26 O.87xd
FL /home/student2/nrecto/TMU/4thYear/COE758/VGAController-main/src/VGAController/VGAController.vhd 2025/11/14.13:23:23 O.87xd
